a) problem : install mysql package manually
    solution: add
	dialectModulePath : "mysql2" in config file.